[Precompute] Engine optimization data loaded: {
  totalConditions: 265,
  bucketCount: 264,
  symptomIndexSize: 1141,
  topQuestionsCount: 9
}
=== STARTING CLINICAL ENGINE VERIFICATION ===

Testing enhanced conversation engine with dialogue management

--- TEST 1: Emergency Detection Speed (<200ms) ---
Detection time: 0.34ms
Alerts found: 1
  - ≡ƒÜ¿ CARDIAC EMERGENCY: Potential heart attack. Call 911 immed...
PASS: Emergency detected quickly

--- TEST 2: Mental Health Crisis Detection ---
PASS: Crisis support resources provided

--- TEST 3: Intent Classification ---
PASS: "I can't breathe, help me!..." ΓåÆ EMERGENCY (95%)
PASS: "Yes, I have that..." ΓåÆ ANSWER_YES (90%)
FAIL: "No, I don't have fever..." ΓåÆ Got ANSWER_YES, expected ANSWER_NO
PASS: "What do you mean by that?..." ΓåÆ CLARIFICATION_NEEDED (95%)
PASS: "I also have a headache..." ΓåÆ ADD_SYMPTOM (90%)
Intent Classification: 4/5 passed

--- TEST 4: Medical NER Negation Detection ---
Input: "I have a headache but NO fever"
  Present: [headache]
  Negated: [fever]
Input: "I don't have nausea or vomiting"
  Present: []
  Negated: [nausea, vomiting]
Input: "severe chest pain with shortness of breath"
  Present: []
  Negated: []

--- TEST 5: Emotional State Detection ---
PASS: "I'm really worried about this..." ΓåÆ anxious
PASS: "This is frustrating, I already told..." ΓåÆ frustrated
PASS: "Help me right now, this is urgent!..." ΓåÆ urgent
PASS: "I have some pain in my back..." ΓåÆ calm

--- TEST 6: Mimic Differentiation (Migraine vs Tension) ---
PASS: Generated Question: "Are you experiencing any of the following?"
PASS: Question targets differentiating symptoms

--- TEST 7: Weighted Scoring (GERD vs Heart Attack) ---
PASS: Correctly identified burning chest pain (Top: Shingles (Herpes Zoster))

--- TEST 8: Stroke Detection ---
PASS: Stroke warning detected

=== VERIFICATION COMPLETE ===
